a.svg - 11.0 - 12.0 - 11.0 - 12.0
b.svg - 2.0 - 4.0 - 11.0 - 12.0
