./assets/a.svg - 11.0 - 12.0 - 11.0 - 11.5
./assets/a.svg - 11.5 - 12.0 - 11.5 - 12.0
./assets/b.svg - 2.3 - 4.0 - 10.0 - 10.5
./assets/b.svg - 2.3 - 4.0 - 10.5 - 11.0
